// Jest Snapshot v1, https://goo.gl/fbAQLP

exports[`<TextIcon/> matches snapshot 1`] = `
<TextIcon
  icon="Account"
  text="hi"
>
  <styled.div
    iconPosition="left"
  >
    <StyledComponent
      forwardedComponent={
        Object {
          "$$typeof": Symbol(react.forward_ref),
          "attrs": Array [],
          "componentStyle": ComponentStyle {
            "componentId": "sc-bwzfXH",
            "isStatic": false,
            "lastClassName": "hSFraI",
            "rules": Array [
              "
    display: flex;
    flex-direction: ",
              [Function],
              ";
    width: fit-content;
    height: fit-content;
    align-items: center;
    justify-content: center;
  ",
            ],
          },
          "displayName": "styled.div",
          "foldedComponentIds": Array [],
          "render": [Function],
          "styledComponentId": "sc-bwzfXH",
          "target": "div",
          "toString": [Function],
          "warnTooManyClasses": [Function],
          "withComponent": [Function],
        }
      }
      forwardedRef={null}
      iconPosition="left"
    >
      <div
        className="sc-bwzfXH hSFraI"
      >
        <Icon
          icon="Account"
          size="2rem"
        >
          <styled.div>
            <StyledComponent
              forwardedComponent={
                Object {
                  "$$typeof": Symbol(react.forward_ref),
                  "attrs": Array [],
                  "componentStyle": ComponentStyle {
                    "componentId": "sc-bdVaJa",
                    "isStatic": false,
                    "lastClassName": "NKuto",
                    "rules": Array [
                      "
    cursor: pointer;
    display: flex;
  ",
                    ],
                  },
                  "displayName": "styled.div",
                  "foldedComponentIds": Array [],
                  "render": [Function],
                  "styledComponentId": "sc-bdVaJa",
                  "target": "div",
                  "toString": [Function],
                  "warnTooManyClasses": [Function],
                  "withComponent": [Function],
                }
              }
              forwardedRef={null}
            >
              <div
                className="sc-bdVaJa NKuto"
              >
                <ForwardRef(SvgAccount)
                  fill="currentColor"
                  height="2rem"
                  width="2rem"
                >
                  <svg
                    fill="currentColor"
                    height="2rem"
                    width="2rem"
                  >
                    account.svg
                  </svg>
                </ForwardRef(SvgAccount)>
              </div>
            </StyledComponent>
          </styled.div>
        </Icon>
        <styled.span
          text="hi"
          textColor="black"
          textSize="1rem"
        >
          <StyledComponent
            forwardedComponent={
              Object {
                "$$typeof": Symbol(react.forward_ref),
                "attrs": Array [],
                "componentStyle": ComponentStyle {
                  "componentId": "sc-htpNat",
                  "isStatic": false,
                  "lastClassName": "gssNWV",
                  "rules": Array [
                    "
    color: ",
                    [Function],
                    ";
    line-height: 1.5rem;
    padding: 0.5rem;
    font-size: ",
                    [Function],
                    ";
  ",
                  ],
                },
                "displayName": "styled.span",
                "foldedComponentIds": Array [],
                "render": [Function],
                "styledComponentId": "sc-htpNat",
                "target": "span",
                "toString": [Function],
                "warnTooManyClasses": [Function],
                "withComponent": [Function],
              }
            }
            forwardedRef={null}
            text="hi"
            textColor="black"
            textSize="1rem"
          >
            <span
              className="sc-htpNat gssNWV"
            >
              hi
            </span>
          </StyledComponent>
        </styled.span>
      </div>
    </StyledComponent>
  </styled.div>
</TextIcon>
`;
