// Jest Snapshot v1, https://goo.gl/fbAQLP

exports[`<RoomCard/> matches snapshots 1`] = `ReactWrapper {}`;
