// Jest Snapshot v1, https://goo.gl/fbAQLP

exports[`<Dialog/> matches snapshot 1`] = `ReactWrapper {}`;
