// Jest Snapshot v1, https://goo.gl/fbAQLP

exports[`<ButtonnGroup /> matches snapshot 1`] = `ReactWrapper {}`;
